// Jest Snapshot v1, https://goo.gl/fbAQLP

exports[`BillList should render a new line for each expense 1`] = `
<div
  className="MuiPaper-root-1 MuiPaper-elevation2-5 MuiPaper-rounded-2 expense_list"
>
  <h2
    className="MuiTypography-root-28 MuiTypography-h5-44 expense_list-title"
  >
    Expenses
  </h2>
  <table
    className="MuiTable-root-63"
  >
    <thead
      className="MuiTableHead-root-64"
    >
      <tr
        className="MuiTableRow-root-65 MuiTableRow-head-68"
      >
        <th
          aria-sort={null}
          className="MuiTableCell-root-70 MuiTableCell-head-71"
          scope="col"
        >
          paid
        </th>
        <th
          aria-sort={null}
          className="MuiTableCell-root-70 MuiTableCell-head-71"
          scope="col"
        >
          Biller
        </th>
        <th
          aria-sort={null}
          className="MuiTableCell-root-70 MuiTableCell-head-71 MuiTableCell-numeric-74"
          scope="col"
        >
          Amount
        </th>
        <th
          aria-sort={null}
          className="MuiTableCell-root-70 MuiTableCell-head-71 MuiTableCell-numeric-74"
          scope="col"
        >
          Due
        </th>
      </tr>
    </thead>
    <tbody
      className="MuiTableBody-root-78"
    >
      <tr
        className="MuiTableRow-root-65"
      >
        <td
          aria-sort={null}
          className="MuiTableCell-root-70 MuiTableCell-body-72"
        >
          <span
            className="MuiButtonBase-root-95 MuiIconButton-root-89 MuiPrivateSwitchBase-root-85 MuiCheckbox-root-79 MuiCheckbox-colorSecondary-84 mark_paid"
            onBlur={[Function]}
            onClick={[Function]}
            onFocus={[Function]}
            onKeyDown={[Function]}
            onKeyUp={[Function]}
            onMouseDown={[Function]}
            onMouseLeave={[Function]}
            onMouseUp={[Function]}
            onTouchEnd={[Function]}
            onTouchMove={[Function]}
            onTouchStart={[Function]}
            tabIndex={null}
          >
            <span
              className="MuiIconButton-label-94"
            >
              <svg
                aria-hidden="true"
                className="MuiSvgIcon-root-98"
                focusable="false"
                role="presentation"
                viewBox="0 0 24 24"
              >
                <path
                  d="M19 5v14H5V5h14m0-2H5c-1.1 0-2 .9-2 2v14c0 1.1.9 2 2 2h14c1.1 0 2-.9 2-2V5c0-1.1-.9-2-2-2z"
                />
              </svg>
              <input
                checked={false}
                className="MuiPrivateSwitchBase-input-88"
                data-indeterminate={false}
                onChange={[Function]}
                type="checkbox"
              />
            </span>
            <span
              className="MuiTouchRipple-root-107"
            />
          </span>
        </td>
        <th
          aria-sort={null}
          className="MuiTableCell-root-70 MuiTableCell-body-72"
          scope="row"
        >
          bank
        </th>
        <td
          aria-sort={null}
          className="MuiTableCell-root-70 MuiTableCell-body-72 MuiTableCell-numeric-74"
        >
          20
        </td>
        <td
          aria-sort={null}
          className="MuiTableCell-root-70 MuiTableCell-body-72 MuiTableCell-numeric-74"
        >
          20
        </td>
      </tr>
      <tr
        className="MuiTableRow-root-65"
      >
        <td
          aria-sort={null}
          className="MuiTableCell-root-70 MuiTableCell-body-72"
        >
          <span
            className="MuiButtonBase-root-95 MuiIconButton-root-89 MuiPrivateSwitchBase-root-85 MuiCheckbox-root-79 MuiCheckbox-colorSecondary-84 MuiPrivateSwitchBase-checked-86 MuiCheckbox-checked-80 mark_paid"
            onBlur={[Function]}
            onClick={[Function]}
            onFocus={[Function]}
            onKeyDown={[Function]}
            onKeyUp={[Function]}
            onMouseDown={[Function]}
            onMouseLeave={[Function]}
            onMouseUp={[Function]}
            onTouchEnd={[Function]}
            onTouchMove={[Function]}
            onTouchStart={[Function]}
            tabIndex={null}
          >
            <span
              className="MuiIconButton-label-94"
            >
              <svg
                aria-hidden="true"
                className="MuiSvgIcon-root-98"
                focusable="false"
                role="presentation"
                viewBox="0 0 24 24"
              >
                <path
                  d="M19 3H5c-1.11 0-2 .9-2 2v14c0 1.1.89 2 2 2h14c1.11 0 2-.9 2-2V5c0-1.1-.89-2-2-2zm-9 14l-5-5 1.41-1.41L10 14.17l7.59-7.59L19 8l-9 9z"
                />
              </svg>
              <input
                checked={true}
                className="MuiPrivateSwitchBase-input-88"
                data-indeterminate={false}
                onChange={[Function]}
                type="checkbox"
              />
            </span>
            <span
              className="MuiTouchRipple-root-107"
            />
          </span>
        </td>
        <th
          aria-sort={null}
          className="MuiTableCell-root-70 MuiTableCell-body-72"
          scope="row"
        >
          not bank
        </th>
        <td
          aria-sort={null}
          className="MuiTableCell-root-70 MuiTableCell-body-72 MuiTableCell-numeric-74"
        >
          20000
        </td>
        <td
          aria-sort={null}
          className="MuiTableCell-root-70 MuiTableCell-body-72 MuiTableCell-numeric-74"
        >
          1
        </td>
      </tr>
    </tbody>
  </table>
</div>
`;
