// Jest Snapshot v1, https://goo.gl/fbAQLP

exports[`Header should render without crashing 1`] = `
<div
  className="site_header"
>
  <WithStyles(AppBar)
    color="primary"
    elevation={0}
    position="static"
  >
    <WithStyles(Toolbar)>
      <WithStyles(IconButton)
        aria-label="Menu"
        color="inherit"
      >
        <pure(MenuIcon) />
      </WithStyles(IconButton)>
      <h1
        className="site_header__title"
      >
        Billistic
      </h1>
      <WithStyles(IconButton)
        color="inherit"
      >
        <pure(AddCircleIcon) />
      </WithStyles(IconButton)>
    </WithStyles(Toolbar)>
  </WithStyles(AppBar)>
  <WithStyles(Drawer)
    anchor="left"
    variant="temporary"
  >
    <div>
      <WithStyles(IconButton)>
        <pure(ChevronLeftIcon) />
      </WithStyles(IconButton)>
    </div>
    <WithStyles(Divider) />
    <WithStyles(List)>
      <WithStyles(ListItem)
        button={true}
      >
        <WithStyles(ListItemIcon)>
          <pure(AddCircleIcon)
            fontSize="large"
          />
        </WithStyles(ListItemIcon)>
        <WithStyles(ListItemText)
          primary="Add Item"
        />
      </WithStyles(ListItem)>
    </WithStyles(List)>
  </WithStyles(Drawer)>
  <WithStyles(Modal)>
    <WithStyles(withStateHandlers(NewItemModal)) />
  </WithStyles(Modal)>
</div>
`;
